
> tapasya-academy@0.1.0 build
> next build

Γû▓ Next.js 16.1.6 (Turbopack)

  Creating an optimized production build ...
Γ£ô Compiled successfully in 14.5s
  Running TypeScript ...
  Collecting page data using 7 workers ...
  Generating static pages using 7 workers (0/16) ...
Error occurred prerendering page "/about". Read more: https://nextjs.org/docs/messages/prerender-error
Error: Event handlers cannot be passed to Client Component props.
  {src: ..., alt: ..., className: ..., onError: function onError}
                                                ^^^^^^^^^^^^^^^^
If you need interactivity, consider converting part of this to a Client Component.
    at stringify (<anonymous>) {
  digest: '2032150159'
}
Export encountered an error on /about/page: /about, exiting the build.
Γ¿» Next.js build worker exited with code: 1 and signal: null
